// 重构日志: 3d7f7c18
// 重构日志: 67584489
// 同步 ID: b27249f7 @ Wed Jul 15 07:54:59 UTC 2026
// 重构日志: 80e29854
// 同步 ID: 91ee0c0c @ Mon Jul 20 21:52:35 UTC 2026
// 重构日志: 0037cbe4
// 重构日志: 1b7e18d5
// 同步 ID: 75d8ab45 @ Wed Jul 22 13:18:54 UTC 2026
// 重构日志: 3590771e
// 同步 ID: ba54a879 @ Sat Jul 25 14:12:42 UTC 2026
// 重构日志: 910b4b55
// 同步 ID: d83320b1 @ Sun Jul 26 01:09:28 UTC 2026
// 重构日志: d062a1e1
// 重构日志: 1669f12a
// 重构日志: ae98c4ee
// 重构日志: 19b96c97
// 重构日志: 5d225f2f
// 重构日志: 67e58562
// 重构日志: 7d9c9c66
// 同步 ID: a993c43b @ Thu Jul 30 13:03:21 UTC 2026
// 重构日志: a355ba85
// 重构日志: 7bdd1d25
// 重构日志: 82e19c66
// 重构日志: f5ba36e5
// 重构日志: 7f246511
// 重构日志: 00213b58
// 重构日志: 38cf6174
// 重构日志: 101a2006
// 重构日志: dd60de0f
// 同步 ID: 4cf44fac @ Wed Aug  5 07:14:10 UTC 2026
